******************************************************************************
                  TI ARM Linker PC v20.2.0                     
******************************************************************************
>> Linked Tue May 12 20:36:06 2020

OUTPUT FILE NAME:   <project2.out>
ENTRY POINT SYMBOL: "_c_int00_noargs"  address: 00002445


MEMORY CONFIGURATION

         name            origin    length      used     unused   attr    fill
----------------------  --------  ---------  --------  --------  ----  --------
  MAIN                  00000000   00040000  000026c6  0003d93a  R  X
  INFO                  00200000   00004000  00000000  00004000  R  X
  SRAM_CODE             01000000   00010000  0000020b  0000fdf5  RW X
  SRAM_DATA             20000000   00010000  0000020b  0000fdf5  RW  


SEGMENT ALLOCATION MAP

run origin  load origin   length   init length attrs members
----------  ----------- ---------- ----------- ----- -------
00000000    00000000    000026c8   000026c8    r-x
  00000000    00000000    000000e4   000000e4    r-- .intvecs
  000000e4    000000e4    00002424   00002424    r-x .text
  00002508    00002508    0000018e   0000018e    r-- .const
  00002698    00002698    00000030   00000030    r-- .cinit
20000000    20000000    0000000b   00000000    rw-
  20000000    20000000    00000008   00000000    rw- .data
  20000008    20000008    00000003   00000000    rw- .bss
2000fe00    2000fe00    00000200   00000000    rw-
  2000fe00    2000fe00    00000200   00000000    rw- .stack


SECTION ALLOCATION MAP

 output                                  attributes/
section   page    origin      length       input sections
--------  ----  ----------  ----------   ----------------
.intvecs   0    00000000    000000e4     
                  00000000    000000e4     startup_msp432p401r_ccs.obj (.intvecs:retain)

.text      0    000000e4    00002424     
                  000000e4    00000738     rtsv7M4_T_le_v4SPD16_eabi.lib : k_rem_pio2.c.obj (.text:__kernel_rem_pio2)
                  0000081c    000005c4                                   : s_sin.c.obj (.text:sin)
                  00000de0    00000334     system_msp432p401r.obj (.text)
                  00001114    000002b0     rtsv7M4_T_le_v4SPD16_eabi.lib : e_log2.c.obj (.text:log2)
                  000013c4    000001e8     A7.obj (.text)
                  000015ac    000001b6     rtsv7M4_T_le_v4SPD16_eabi.lib : fd_add_t2.asm.obj (.text)
                  00001762    00000002     --HOLE-- [fill = 0]
                  00001764    00000174                                   : k_sin.c.obj (.text:__kernel_sin)
                  000018d8    0000016c                                   : k_cos.c.obj (.text:__kernel_cos)
                  00001a44    00000136                                   : fd_div_t2.asm.obj (.text)
                  00001b7a    00000002     --HOLE-- [fill = 0]
                  00001b7c    00000130     A4.obj (.text)
                  00001cac    0000011c     P2.obj (.text)
                  00001dc8    00000110     rtsv7M4_T_le_v4SPD16_eabi.lib : s_scalbn.c.obj (.text:scalbn)
                  00001ed8    000000fc                                   : fd_mul_t2.asm.obj (.text)
                  00001fd4    000000f8                                   : s_floor.c.obj (.text:floor)
                  000020cc    0000009c                                   : memcpy_t2.asm.obj (.text)
                  00002168    00000086                                   : fd_cmp_t2.asm.obj (.text:__aeabi_cdcmple)
                  000021ee    00000086                                   : fd_cmp_t2.asm.obj (.text:__aeabi_cdrcmple)
                  00002274    00000080     A5.obj (.text)
                  000022f4    00000068     rtsv7M4_T_le_v4SPD16_eabi.lib : copy_decompress_lzss.c.obj (.text:decompress:lzss:__TI_decompress_lzss)
                  0000235c    0000005c     main.obj (.text)
                  000023b8    00000048     rtsv7M4_T_le_v4SPD16_eabi.lib : fd_toi_t2.asm.obj (.text)
                  00002400    00000044                                   : autoinit.c.obj (.text:__TI_auto_init_nobinit_nopinit:__TI_auto_init_nobinit_nopinit)
                  00002444    00000034                                   : boot_cortex_m.c.obj (.text:_c_int00_noargs:_c_int00_noargs)
                  00002478    0000002e                                   : i_tofd_t2.asm.obj (.text)
                  000024a6    0000001c                                   : copy_zero_init.c.obj (.text:decompress:ZI:__TI_zero_init_nomemset:__TI_zero_init_nomemset)
                  000024c2    0000001a                                   : s_copysign.c.obj (.text:copysign)
                  000024dc    0000000e                                   : copy_decompress_none.c.obj (.text:decompress:none:__TI_decompress_none)
                  000024ea    0000000e     startup_msp432p401r_ccs.obj (.text)
                  000024f8    00000008     rtsv7M4_T_le_v4SPD16_eabi.lib : errno.c.obj (.text:__aeabi_errno_addr)
                  00002500    00000004                                   : pre_init.c.obj (.text:_system_pre_init)
                  00002504    00000004                                   : exit.c.obj (.text:abort:abort)

.const     0    00002508    0000018e     
                  00002508    00000158     rtsv7M4_T_le_v4SPD16_eabi.lib : k_rem_pio2.c.obj (.const:$O1$$)
                  00002660    00000030     A4.obj (.const:$P$T0$1)
                  00002690    00000006     main.obj (.const:$P$T0$1)

.cinit     0    00002698    00000030     
                  00002698    0000000c     (__TI_handler_table)
                  000026a4    0000000b     (.cinit..data.load) [load image, compression = lzss]
                  000026af    00000001     --HOLE-- [fill = 0]
                  000026b0    00000008     (.cinit..bss.load) [load image, compression = zero_init]
                  000026b8    00000010     (__TI_cinit_table)

.init_array 
*          0    00000000    00000000     UNINITIALIZED

.binit     0    00000000    00000000     

.data      0    20000000    00000008     UNINITIALIZED
                  20000000    00000004     rtsv7M4_T_le_v4SPD16_eabi.lib : errno.c.obj (.data)
                  20000004    00000004     system_msp432p401r.obj (.data)

.bss       0    20000008    00000003     UNINITIALIZED
                  20000008    00000002     (.common:data)
                  2000000a    00000001     (.common:global_toggle)

.stack     0    2000fe00    00000200     UNINITIALIZED
                  2000fe00    00000004     rtsv7M4_T_le_v4SPD16_eabi.lib : boot_cortex_m.c.obj (.stack)
                  2000fe04    000001fc     --HOLE--

__llvm_prf_cnts 
*          0    20000000    00000000     UNINITIALIZED

MODULE SUMMARY

       Module                        code   ro data   rw data
       ------                        ----   -------   -------
    .\
       system_msp432p401r.obj        820    0         8      
       A7.obj                        488    0         0      
       A4.obj                        304    48        0      
       P2.obj                        284    0         0      
       startup_msp432p401r_ccs.obj   14     228       0      
       A5.obj                        128    0         6      
       main.obj                      92     6         0      
    +--+-----------------------------+------+---------+---------+
       Total:                        2130   282       14     
                                                             
    C:\ti\ccs1000\ccs\tools\compiler\ti-cgt-arm_20.2.0.LTS\lib\rtsv7M4_T_le_v4SPD16_eabi.lib
       k_rem_pio2.c.obj              1848   344       0      
       s_sin.c.obj                   1476   0         0      
       e_log2.c.obj                  688    0         0      
       fd_add_t2.asm.obj             438    0         0      
       k_sin.c.obj                   372    0         0      
       k_cos.c.obj                   364    0         0      
       fd_div_t2.asm.obj             310    0         0      
       s_scalbn.c.obj                272    0         0      
       fd_cmp_t2.asm.obj             268    0         0      
       fd_mul_t2.asm.obj             252    0         0      
       s_floor.c.obj                 248    0         0      
       memcpy_t2.asm.obj             156    0         0      
       copy_decompress_lzss.c.obj    104    0         0      
       fd_toi_t2.asm.obj             72     0         0      
       autoinit.c.obj                68     0         0      
       boot_cortex_m.c.obj           52     0         0      
       i_tofd_t2.asm.obj             46     0         0      
       copy_zero_init.c.obj          28     0         0      
       s_copysign.c.obj              26     0         0      
       errno.c.obj                   8      0         8      
       copy_decompress_none.c.obj    14     0         0      
       exit.c.obj                    4      0         0      
       pre_init.c.obj                4      0         0      
    +--+-----------------------------+------+---------+---------+
       Total:                        7118   344       8      
                                                             
       Stack:                        0      0         1024   
       Linker Generated:             0      47        0      
    +--+-----------------------------+------+---------+---------+
       Grand Total:                  9248   673       1046   


LINKER GENERATED COPY TABLES

__TI_cinit_table @ 000026b8 records: 2, size/record: 8, table size: 16
	.data: load addr=000026a4, load size=0000000b bytes, run addr=20000000, run size=00000008 bytes, compression=lzss
	.bss: load addr=000026b0, load size=00000008 bytes, run addr=20000008, run size=00000003 bytes, compression=zero_init


LINKER GENERATED HANDLER TABLE

__TI_handler_table @ 00002698 records: 3, size/record: 4, table size: 12
	index: 0, handler: __TI_decompress_lzss
	index: 1, handler: __TI_decompress_none
	index: 2, handler: __TI_zero_init


GLOBAL SYMBOLS: SORTED ALPHABETICALLY BY Name 

address   name                          
-------   ----                          
000024f7  ADC14_IRQHandler              
000024f7  AES256_IRQHandler             
000024f7  BusFault_Handler              
00002505  C$$EXIT                       
000024f7  COMP_E0_IRQHandler            
000024f7  COMP_E1_IRQHandler            
000024f7  CS_IRQHandler                 
000014bb  DAC_init                      
000024f7  DMA_ERR_IRQHandler            
000024f7  DMA_INT0_IRQHandler           
000024f7  DMA_INT1_IRQHandler           
000024f7  DMA_INT2_IRQHandler           
000024f7  DMA_INT3_IRQHandler           
000024f7  DebugMon_Handler              
000024f7  Default_Handler               
000024f7  EUSCIA0_IRQHandler            
000024f7  EUSCIA1_IRQHandler            
000024f7  EUSCIA2_IRQHandler            
000024f7  EUSCIA3_IRQHandler            
000024f7  EUSCIB0_IRQHandler            
000024f7  EUSCIB1_IRQHandler            
000024f7  EUSCIB2_IRQHandler            
000024f7  EUSCIB3_IRQHandler            
000024f7  FLCTL_IRQHandler              
000024f7  FPU_IRQHandler                
000024f7  HardFault_Handler             
000024f7  MemManage_Handler             
000024f7  NMI_Handler                   
000024f7  PCM_IRQHandler                
000024f7  PORT1_IRQHandler              
000024f7  PORT2_IRQHandler              
000024f7  PORT3_IRQHandler              
000024f7  PORT4_IRQHandler              
000024f7  PORT5_IRQHandler              
000024f7  PORT6_IRQHandler              
000024f7  PSS_IRQHandler                
000024f7  PendSV_Handler                
000024f7  RTC_C_IRQHandler              
000024eb  Reset_Handler                 
000024f7  SVC_Handler                   
000024f7  SysTick_Handler               
20000004  SystemCoreClock               
00000de1  SystemCoreClockUpdate         
00001059  SystemInit                    
000024f7  T32_INT1_IRQHandler           
000024f7  T32_INT2_IRQHandler           
000024f7  T32_INTC_IRQHandler           
000022af  TA0_0_IRQHandler              
000022af  TA0_0_IRQHandler              
000022c5  TA0_N_IRQHandler              
000022c5  TA0_N_IRQHandler              
000024f7  TA1_0_IRQHandler              
000024f7  TA1_N_IRQHandler              
000024f7  TA2_0_IRQHandler              
000024f7  TA2_N_IRQHandler              
000024f7  TA3_0_IRQHandler              
000024f7  TA3_N_IRQHandler              
000024f7  UsageFault_Handler            
4000480c  WDTCTL_SYM                    
000024f7  WDT_A_IRQHandler              
20010000  __STACK_END                   
00000200  __STACK_SIZE                  
000026b8  __TI_CINIT_Base               
000026c8  __TI_CINIT_Limit              
00002698  __TI_Handler_Table_Base       
000026a4  __TI_Handler_Table_Limit      
00002401  __TI_auto_init_nobinit_nopinit
000022f5  __TI_decompress_lzss          
000024dd  __TI_decompress_none          
ffffffff  __TI_pprof_out_hndl           
ffffffff  __TI_prof_data_size           
ffffffff  __TI_prof_data_start          
00000000  __TI_static_base__            
000024a7  __TI_zero_init_nomemset       
00002169  __aeabi_cdcmpeq               
00002169  __aeabi_cdcmple               
000021ef  __aeabi_cdrcmple              
000023b9  __aeabi_d2iz                  
000015b7  __aeabi_dadd                  
00001a45  __aeabi_ddiv                  
00001ed9  __aeabi_dmul                  
000015ad  __aeabi_dsub                  
000024f9  __aeabi_errno_addr            
00002479  __aeabi_i2d                   
000020cd  __aeabi_memcpy                
000020cd  __aeabi_memcpy4               
000020cd  __aeabi_memcpy8               
ffffffff  __binit__                     
ffffffff  __c_args__                    
000018d9  __kernel_cos                  
000000e5  __kernel_rem_pio2             
00001765  __kernel_sin                  
UNDEFED   __mpu_init                    
2000fe00  __stack                       
20000000  __start___llvm_prf_cnts       
20000000  __stop___llvm_prf_cnts        
00002445  _c_int00_noargs               
UNDEFED   _system_post_cinit            
00002501  _system_pre_init              
00002505  abort                         
ffffffff  binit                         
000024c3  copysign                      
000024c3  copysignl                     
20000008  data                          
20000000  errno                         
00001fd5  floor                         
00001fd5  floorl                        
00001b9d  getKeyVal                     
00001c65  get_keypress                  
2000000a  global_toggle                 
00000000  interruptVectors              
00001b7d  keypad_init                   
00001dc9  ldexp                         
00001dc9  ldexpl                        
00001115  log2                          
00001115  log2l                         
0000235d  main                          
00001d7d  make_waveform                 
000020cd  memcpy                        
000013c5  sawtooth                      
00001dc9  scalbn                        
00001dc9  scalbnl                       
0000150f  sendto_DAC                    
0000081d  sin                           
00001439  sine                          
0000081d  sinl                          
000014a1  square                        
00002275  timer_A_init                  
000013eb  triangle                      
00001cad  waveform_vars                 


GLOBAL SYMBOLS: SORTED BY Symbol Address 

address   name                          
-------   ----                          
00000000  __TI_static_base__            
00000000  interruptVectors              
000000e5  __kernel_rem_pio2             
00000200  __STACK_SIZE                  
0000081d  sin                           
0000081d  sinl                          
00000de1  SystemCoreClockUpdate         
00001059  SystemInit                    
00001115  log2                          
00001115  log2l                         
000013c5  sawtooth                      
000013eb  triangle                      
00001439  sine                          
000014a1  square                        
000014bb  DAC_init                      
0000150f  sendto_DAC                    
000015ad  __aeabi_dsub                  
000015b7  __aeabi_dadd                  
00001765  __kernel_sin                  
000018d9  __kernel_cos                  
00001a45  __aeabi_ddiv                  
00001b7d  keypad_init                   
00001b9d  getKeyVal                     
00001c65  get_keypress                  
00001cad  waveform_vars                 
00001d7d  make_waveform                 
00001dc9  ldexp                         
00001dc9  ldexpl                        
00001dc9  scalbn                        
00001dc9  scalbnl                       
00001ed9  __aeabi_dmul                  
00001fd5  floor                         
00001fd5  floorl                        
000020cd  __aeabi_memcpy                
000020cd  __aeabi_memcpy4               
000020cd  __aeabi_memcpy8               
000020cd  memcpy                        
00002169  __aeabi_cdcmpeq               
00002169  __aeabi_cdcmple               
000021ef  __aeabi_cdrcmple              
00002275  timer_A_init                  
000022af  TA0_0_IRQHandler              
000022af  TA0_0_IRQHandler              
000022c5  TA0_N_IRQHandler              
000022c5  TA0_N_IRQHandler              
000022f5  __TI_decompress_lzss          
0000235d  main                          
000023b9  __aeabi_d2iz                  
00002401  __TI_auto_init_nobinit_nopinit
00002445  _c_int00_noargs               
00002479  __aeabi_i2d                   
000024a7  __TI_zero_init_nomemset       
000024c3  copysign                      
000024c3  copysignl                     
000024dd  __TI_decompress_none          
000024eb  Reset_Handler                 
000024f7  ADC14_IRQHandler              
000024f7  AES256_IRQHandler             
000024f7  BusFault_Handler              
000024f7  COMP_E0_IRQHandler            
000024f7  COMP_E1_IRQHandler            
000024f7  CS_IRQHandler                 
000024f7  DMA_ERR_IRQHandler            
000024f7  DMA_INT0_IRQHandler           
000024f7  DMA_INT1_IRQHandler           
000024f7  DMA_INT2_IRQHandler           
000024f7  DMA_INT3_IRQHandler           
000024f7  DebugMon_Handler              
000024f7  Default_Handler               
000024f7  EUSCIA0_IRQHandler            
000024f7  EUSCIA1_IRQHandler            
000024f7  EUSCIA2_IRQHandler            
000024f7  EUSCIA3_IRQHandler            
000024f7  EUSCIB0_IRQHandler            
000024f7  EUSCIB1_IRQHandler            
000024f7  EUSCIB2_IRQHandler            
000024f7  EUSCIB3_IRQHandler            
000024f7  FLCTL_IRQHandler              
000024f7  FPU_IRQHandler                
000024f7  HardFault_Handler             
000024f7  MemManage_Handler             
000024f7  NMI_Handler                   
000024f7  PCM_IRQHandler                
000024f7  PORT1_IRQHandler              
000024f7  PORT2_IRQHandler              
000024f7  PORT3_IRQHandler              
000024f7  PORT4_IRQHandler              
000024f7  PORT5_IRQHandler              
000024f7  PORT6_IRQHandler              
000024f7  PSS_IRQHandler                
000024f7  PendSV_Handler                
000024f7  RTC_C_IRQHandler              
000024f7  SVC_Handler                   
000024f7  SysTick_Handler               
000024f7  T32_INT1_IRQHandler           
000024f7  T32_INT2_IRQHandler           
000024f7  T32_INTC_IRQHandler           
000024f7  TA1_0_IRQHandler              
000024f7  TA1_N_IRQHandler              
000024f7  TA2_0_IRQHandler              
000024f7  TA2_N_IRQHandler              
000024f7  TA3_0_IRQHandler              
000024f7  TA3_N_IRQHandler              
000024f7  UsageFault_Handler            
000024f7  WDT_A_IRQHandler              
000024f9  __aeabi_errno_addr            
00002501  _system_pre_init              
00002505  C$$EXIT                       
00002505  abort                         
00002698  __TI_Handler_Table_Base       
000026a4  __TI_Handler_Table_Limit      
000026b8  __TI_CINIT_Base               
000026c8  __TI_CINIT_Limit              
20000000  __start___llvm_prf_cnts       
20000000  __stop___llvm_prf_cnts        
20000000  errno                         
20000004  SystemCoreClock               
20000008  data                          
2000000a  global_toggle                 
2000fe00  __stack                       
20010000  __STACK_END                   
4000480c  WDTCTL_SYM                    
ffffffff  __TI_pprof_out_hndl           
ffffffff  __TI_prof_data_size           
ffffffff  __TI_prof_data_start          
ffffffff  __binit__                     
ffffffff  __c_args__                    
ffffffff  binit                         
UNDEFED   __mpu_init                    
UNDEFED   _system_post_cinit            

[130 symbols]
