******************************************************************************
                  TI ARM Linker PC v20.2.0                     
******************************************************************************
>> Linked Mon May 11 20:29:41 2020

OUTPUT FILE NAME:   <project2.out>
ENTRY POINT SYMBOL: "_c_int00_noargs"  address: 000010a1


MEMORY CONFIGURATION

         name            origin    length      used     unused   attr    fill
----------------------  --------  ---------  --------  --------  ----  --------
  MAIN                  00000000   00040000  000011ac  0003ee54  R  X
  INFO                  00200000   00004000  00000000  00004000  R  X
  SRAM_CODE             01000000   00010000  0000020b  0000fdf5  RW X
  SRAM_DATA             20000000   00010000  0000020b  0000fdf5  RW  


SEGMENT ALLOCATION MAP

run origin  load origin   length   init length attrs members
----------  ----------- ---------- ----------- ----- -------
00000000    00000000    000011b0   000011b0    r-x
  00000000    00000000    000000e4   000000e4    r-- .intvecs
  000000e4    000000e4    00001068   00001068    r-x .text
  0000114c    0000114c    00000030   00000030    r-- .const
  00001180    00001180    00000030   00000030    r-- .cinit
20000000    20000000    0000000b   00000000    rw-
  20000000    20000000    00000008   00000000    rw- .data
  20000008    20000008    00000003   00000000    rw- .bss
2000fe00    2000fe00    00000200   00000000    rw-
  2000fe00    2000fe00    00000200   00000000    rw- .stack


SECTION ALLOCATION MAP

 output                                  attributes/
section   page    origin      length       input sections
--------  ----  ----------  ----------   ----------------
.intvecs   0    00000000    000000e4     
                  00000000    000000e4     startup_msp432p401r_ccs.obj (.intvecs:retain)

.text      0    000000e4    00001068     
                  000000e4    00000334     system_msp432p401r.obj (.text)
                  00000418    000002b0     rtsv7M4_T_le_v4SPD16_eabi.lib : e_log2.c.obj (.text:log2)
                  000006c8    000001b6                                   : fd_add_t2.asm.obj (.text)
                  0000087e    00000002     --HOLE-- [fill = 0]
                  00000880    00000158     A7.obj (.text)
                  000009d8    00000136     rtsv7M4_T_le_v4SPD16_eabi.lib : fd_div_t2.asm.obj (.text)
                  00000b0e    00000002     --HOLE-- [fill = 0]
                  00000b10    00000130     A4.obj (.text)
                  00000c40    000000fc     rtsv7M4_T_le_v4SPD16_eabi.lib : fd_mul_t2.asm.obj (.text)
                  00000d3c    000000dc     main.obj (.text)
                  00000e18    0000009c     rtsv7M4_T_le_v4SPD16_eabi.lib : memcpy_t2.asm.obj (.text)
                  00000eb4    00000080     A5.obj (.text)
                  00000f34    00000078     P2.obj (.text)
                  00000fac    00000068     rtsv7M4_T_le_v4SPD16_eabi.lib : copy_decompress_lzss.c.obj (.text:decompress:lzss:__TI_decompress_lzss)
                  00001014    00000048                                   : fd_toi_t2.asm.obj (.text)
                  0000105c    00000044                                   : autoinit.c.obj (.text:__TI_auto_init_nobinit_nopinit:__TI_auto_init_nobinit_nopinit)
                  000010a0    00000034                                   : boot_cortex_m.c.obj (.text:_c_int00_noargs:_c_int00_noargs)
                  000010d4    0000002e                                   : i_tofd_t2.asm.obj (.text)
                  00001102    0000001c                                   : copy_zero_init.c.obj (.text:decompress:ZI:__TI_zero_init_nomemset:__TI_zero_init_nomemset)
                  0000111e    0000000e                                   : copy_decompress_none.c.obj (.text:decompress:none:__TI_decompress_none)
                  0000112c    0000000e     startup_msp432p401r_ccs.obj (.text)
                  0000113a    00000002     --HOLE-- [fill = 0]
                  0000113c    00000008     rtsv7M4_T_le_v4SPD16_eabi.lib : errno.c.obj (.text:__aeabi_errno_addr)
                  00001144    00000004                                   : pre_init.c.obj (.text:_system_pre_init)
                  00001148    00000004                                   : exit.c.obj (.text:abort:abort)

.const     0    0000114c    00000030     
                  0000114c    00000030     A4.obj (.const:$P$T0$1)

.cinit     0    00001180    00000030     
                  00001180    0000000c     (__TI_handler_table)
                  0000118c    0000000b     (.cinit..data.load) [load image, compression = lzss]
                  00001197    00000001     --HOLE-- [fill = 0]
                  00001198    00000008     (.cinit..bss.load) [load image, compression = zero_init]
                  000011a0    00000010     (__TI_cinit_table)

.init_array 
*          0    00000000    00000000     UNINITIALIZED

.binit     0    00000000    00000000     

.data      0    20000000    00000008     UNINITIALIZED
                  20000000    00000004     rtsv7M4_T_le_v4SPD16_eabi.lib : errno.c.obj (.data)
                  20000004    00000004     system_msp432p401r.obj (.data)

.bss       0    20000008    00000003     UNINITIALIZED
                  20000008    00000002     (.common:data)
                  2000000a    00000001     (.common:global_toggle)

.stack     0    2000fe00    00000200     UNINITIALIZED
                  2000fe00    00000004     rtsv7M4_T_le_v4SPD16_eabi.lib : boot_cortex_m.c.obj (.stack)
                  2000fe04    000001fc     --HOLE--

__llvm_prf_cnts 
*          0    20000000    00000000     UNINITIALIZED

MODULE SUMMARY

       Module                        code   ro data   rw data
       ------                        ----   -------   -------
    .\
       system_msp432p401r.obj        820    0         8      
       A4.obj                        304    48        0      
       A7.obj                        344    0         0      
       startup_msp432p401r_ccs.obj   14     228       0      
       main.obj                      220    0         0      
       A5.obj                        128    0         6      
       P2.obj                        120    0         0      
    +--+-----------------------------+------+---------+---------+
       Total:                        1950   276       14     
                                                             
    C:\ti\ccs1000\ccs\tools\compiler\ti-cgt-arm_20.2.0.LTS\lib\rtsv7M4_T_le_v4SPD16_eabi.lib
       e_log2.c.obj                  688    0         0      
       fd_add_t2.asm.obj             438    0         0      
       fd_div_t2.asm.obj             310    0         0      
       fd_mul_t2.asm.obj             252    0         0      
       memcpy_t2.asm.obj             156    0         0      
       copy_decompress_lzss.c.obj    104    0         0      
       fd_toi_t2.asm.obj             72     0         0      
       autoinit.c.obj                68     0         0      
       boot_cortex_m.c.obj           52     0         0      
       i_tofd_t2.asm.obj             46     0         0      
       copy_zero_init.c.obj          28     0         0      
       errno.c.obj                   8      0         8      
       copy_decompress_none.c.obj    14     0         0      
       exit.c.obj                    4      0         0      
       pre_init.c.obj                4      0         0      
    +--+-----------------------------+------+---------+---------+
       Total:                        2244   0         8      
                                                             
       Stack:                        0      0         1024   
       Linker Generated:             0      47        0      
    +--+-----------------------------+------+---------+---------+
       Grand Total:                  4194   323       1046   


LINKER GENERATED COPY TABLES

__TI_cinit_table @ 000011a0 records: 2, size/record: 8, table size: 16
	.data: load addr=0000118c, load size=0000000b bytes, run addr=20000000, run size=00000008 bytes, compression=lzss
	.bss: load addr=00001198, load size=00000008 bytes, run addr=20000008, run size=00000003 bytes, compression=zero_init


LINKER GENERATED HANDLER TABLE

__TI_handler_table @ 00001180 records: 3, size/record: 4, table size: 12
	index: 0, handler: __TI_decompress_lzss
	index: 1, handler: __TI_decompress_none
	index: 2, handler: __TI_zero_init


GLOBAL SYMBOLS: SORTED ALPHABETICALLY BY Name 

address   name                          
-------   ----                          
00001139  ADC14_IRQHandler              
00001139  AES256_IRQHandler             
00001139  BusFault_Handler              
00001149  C$$EXIT                       
00001139  COMP_E0_IRQHandler            
00001139  COMP_E1_IRQHandler            
00001139  CS_IRQHandler                 
000008e9  DAC_init                      
00001139  DMA_ERR_IRQHandler            
00001139  DMA_INT0_IRQHandler           
00001139  DMA_INT1_IRQHandler           
00001139  DMA_INT2_IRQHandler           
00001139  DMA_INT3_IRQHandler           
00001139  DebugMon_Handler              
00001139  Default_Handler               
00001139  EUSCIA0_IRQHandler            
00001139  EUSCIA1_IRQHandler            
00001139  EUSCIA2_IRQHandler            
00001139  EUSCIA3_IRQHandler            
00001139  EUSCIB0_IRQHandler            
00001139  EUSCIB1_IRQHandler            
00001139  EUSCIB2_IRQHandler            
00001139  EUSCIB3_IRQHandler            
00001139  FLCTL_IRQHandler              
00001139  FPU_IRQHandler                
00001139  HardFault_Handler             
00001139  MemManage_Handler             
00001139  NMI_Handler                   
00001139  PCM_IRQHandler                
00001139  PORT1_IRQHandler              
00001139  PORT2_IRQHandler              
00001139  PORT3_IRQHandler              
00001139  PORT4_IRQHandler              
00001139  PORT5_IRQHandler              
00001139  PORT6_IRQHandler              
00001139  PSS_IRQHandler                
00001139  PendSV_Handler                
00001139  RTC_C_IRQHandler              
0000112d  Reset_Handler                 
00001139  SVC_Handler                   
00001139  SysTick_Handler               
20000004  SystemCoreClock               
000000e5  SystemCoreClockUpdate         
0000035d  SystemInit                    
00001139  T32_INT1_IRQHandler           
00001139  T32_INT2_IRQHandler           
00001139  T32_INTC_IRQHandler           
00000eef  TA0_0_IRQHandler              
00000eef  TA0_0_IRQHandler              
00000f05  TA0_N_IRQHandler              
00000f05  TA0_N_IRQHandler              
00001139  TA1_0_IRQHandler              
00001139  TA1_N_IRQHandler              
00001139  TA2_0_IRQHandler              
00001139  TA2_N_IRQHandler              
00001139  TA3_0_IRQHandler              
00001139  TA3_N_IRQHandler              
00001139  UsageFault_Handler            
4000480c  WDTCTL_SYM                    
00001139  WDT_A_IRQHandler              
20010000  __STACK_END                   
00000200  __STACK_SIZE                  
000011a0  __TI_CINIT_Base               
000011b0  __TI_CINIT_Limit              
00001180  __TI_Handler_Table_Base       
0000118c  __TI_Handler_Table_Limit      
0000105d  __TI_auto_init_nobinit_nopinit
00000fad  __TI_decompress_lzss          
0000111f  __TI_decompress_none          
ffffffff  __TI_pprof_out_hndl           
ffffffff  __TI_prof_data_size           
ffffffff  __TI_prof_data_start          
00000000  __TI_static_base__            
00001103  __TI_zero_init_nomemset       
00001015  __aeabi_d2iz                  
000006d3  __aeabi_dadd                  
000009d9  __aeabi_ddiv                  
00000c41  __aeabi_dmul                  
000006c9  __aeabi_dsub                  
0000113d  __aeabi_errno_addr            
000010d5  __aeabi_i2d                   
00000e19  __aeabi_memcpy                
00000e19  __aeabi_memcpy4               
00000e19  __aeabi_memcpy8               
ffffffff  __binit__                     
ffffffff  __c_args__                    
UNDEFED   __mpu_init                    
2000fe00  __stack                       
20000000  __start___llvm_prf_cnts       
20000000  __stop___llvm_prf_cnts        
000010a1  _c_int00_noargs               
UNDEFED   _system_post_cinit            
00001145  _system_pre_init              
00001149  abort                         
ffffffff  binit                         
20000008  data                          
00000f61  dec_duty_cycle10              
20000000  errno                         
00000b31  getKeyVal                     
00000bf9  get_keypress                  
2000000a  global_toggle                 
00000f35  inc_duty_cycle10              
00000000  interruptVectors              
00000b11  keypad_init                   
00000419  log2                          
00000419  log2l                         
00000d3d  main                          
00000e19  memcpy                        
00000f8d  reset_duty_cycle              
0000093d  sendto_DAC                    
000008cf  square                        
00000eb5  timer_A_init                  
00000881  triangle                      


GLOBAL SYMBOLS: SORTED BY Symbol Address 

address   name                          
-------   ----                          
00000000  __TI_static_base__            
00000000  interruptVectors              
000000e5  SystemCoreClockUpdate         
00000200  __STACK_SIZE                  
0000035d  SystemInit                    
00000419  log2                          
00000419  log2l                         
000006c9  __aeabi_dsub                  
000006d3  __aeabi_dadd                  
00000881  triangle                      
000008cf  square                        
000008e9  DAC_init                      
0000093d  sendto_DAC                    
000009d9  __aeabi_ddiv                  
00000b11  keypad_init                   
00000b31  getKeyVal                     
00000bf9  get_keypress                  
00000c41  __aeabi_dmul                  
00000d3d  main                          
00000e19  __aeabi_memcpy                
00000e19  __aeabi_memcpy4               
00000e19  __aeabi_memcpy8               
00000e19  memcpy                        
00000eb5  timer_A_init                  
00000eef  TA0_0_IRQHandler              
00000eef  TA0_0_IRQHandler              
00000f05  TA0_N_IRQHandler              
00000f05  TA0_N_IRQHandler              
00000f35  inc_duty_cycle10              
00000f61  dec_duty_cycle10              
00000f8d  reset_duty_cycle              
00000fad  __TI_decompress_lzss          
00001015  __aeabi_d2iz                  
0000105d  __TI_auto_init_nobinit_nopinit
000010a1  _c_int00_noargs               
000010d5  __aeabi_i2d                   
00001103  __TI_zero_init_nomemset       
0000111f  __TI_decompress_none          
0000112d  Reset_Handler                 
00001139  ADC14_IRQHandler              
00001139  AES256_IRQHandler             
00001139  BusFault_Handler              
00001139  COMP_E0_IRQHandler            
00001139  COMP_E1_IRQHandler            
00001139  CS_IRQHandler                 
00001139  DMA_ERR_IRQHandler            
00001139  DMA_INT0_IRQHandler           
00001139  DMA_INT1_IRQHandler           
00001139  DMA_INT2_IRQHandler           
00001139  DMA_INT3_IRQHandler           
00001139  DebugMon_Handler              
00001139  Default_Handler               
00001139  EUSCIA0_IRQHandler            
00001139  EUSCIA1_IRQHandler            
00001139  EUSCIA2_IRQHandler            
00001139  EUSCIA3_IRQHandler            
00001139  EUSCIB0_IRQHandler            
00001139  EUSCIB1_IRQHandler            
00001139  EUSCIB2_IRQHandler            
00001139  EUSCIB3_IRQHandler            
00001139  FLCTL_IRQHandler              
00001139  FPU_IRQHandler                
00001139  HardFault_Handler             
00001139  MemManage_Handler             
00001139  NMI_Handler                   
00001139  PCM_IRQHandler                
00001139  PORT1_IRQHandler              
00001139  PORT2_IRQHandler              
00001139  PORT3_IRQHandler              
00001139  PORT4_IRQHandler              
00001139  PORT5_IRQHandler              
00001139  PORT6_IRQHandler              
00001139  PSS_IRQHandler                
00001139  PendSV_Handler                
00001139  RTC_C_IRQHandler              
00001139  SVC_Handler                   
00001139  SysTick_Handler               
00001139  T32_INT1_IRQHandler           
00001139  T32_INT2_IRQHandler           
00001139  T32_INTC_IRQHandler           
00001139  TA1_0_IRQHandler              
00001139  TA1_N_IRQHandler              
00001139  TA2_0_IRQHandler              
00001139  TA2_N_IRQHandler              
00001139  TA3_0_IRQHandler              
00001139  TA3_N_IRQHandler              
00001139  UsageFault_Handler            
00001139  WDT_A_IRQHandler              
0000113d  __aeabi_errno_addr            
00001145  _system_pre_init              
00001149  C$$EXIT                       
00001149  abort                         
00001180  __TI_Handler_Table_Base       
0000118c  __TI_Handler_Table_Limit      
000011a0  __TI_CINIT_Base               
000011b0  __TI_CINIT_Limit              
20000000  __start___llvm_prf_cnts       
20000000  __stop___llvm_prf_cnts        
20000000  errno                         
20000004  SystemCoreClock               
20000008  data                          
2000000a  global_toggle                 
2000fe00  __stack                       
20010000  __STACK_END                   
4000480c  WDTCTL_SYM                    
ffffffff  __TI_pprof_out_hndl           
ffffffff  __TI_prof_data_size           
ffffffff  __TI_prof_data_start          
ffffffff  __binit__                     
ffffffff  __c_args__                    
ffffffff  binit                         
UNDEFED   __mpu_init                    
UNDEFED   _system_post_cinit            

[113 symbols]
