******************************************************************************
                  TI ARM Linker PC v20.2.0                     
******************************************************************************
>> Linked Wed May 13 19:57:56 2020

OUTPUT FILE NAME:   <project2.out>
ENTRY POINT SYMBOL: "_c_int00_noargs"  address: 00002575


MEMORY CONFIGURATION

         name            origin    length      used     unused   attr    fill
----------------------  --------  ---------  --------  --------  ----  --------
  MAIN                  00000000   00040000  000027e6  0003d81a  R  X
  INFO                  00200000   00004000  00000000  00004000  R  X
  SRAM_CODE             01000000   00010000  000009a1  0000f65f  RW X
  SRAM_DATA             20000000   00010000  000009a1  0000f65f  RW  


SEGMENT ALLOCATION MAP

run origin  load origin   length   init length attrs members
----------  ----------- ---------- ----------- ----- -------
00000000    00000000    000027e8   000027e8    r-x
  00000000    00000000    000000e4   000000e4    r-- .intvecs
  000000e4    000000e4    00002544   00002544    r-x .text
  00002628    00002628    0000018e   0000018e    r-- .const
  000027b8    000027b8    00000030   00000030    r-- .cinit
20000000    20000000    000007a2   00000000    rw-
  20000000    20000000    00000797   00000000    rw- .bss
  20000798    20000798    0000000a   00000000    rw- .data
2000fe00    2000fe00    00000200   00000000    rw-
  2000fe00    2000fe00    00000200   00000000    rw- .stack


SECTION ALLOCATION MAP

 output                                  attributes/
section   page    origin      length       input sections
--------  ----  ----------  ----------   ----------------
.intvecs   0    00000000    000000e4     
                  00000000    000000e4     startup_msp432p401r_ccs.obj (.intvecs:retain)

.text      0    000000e4    00002544     
                  000000e4    00000738     rtsv7M4_T_le_v4SPD16_eabi.lib : k_rem_pio2.c.obj (.text:__kernel_rem_pio2)
                  0000081c    000005c4                                   : s_sin.c.obj (.text:sin)
                  00000de0    00000334     system_msp432p401r.obj (.text)
                  00001114    000002b0     rtsv7M4_T_le_v4SPD16_eabi.lib : e_log2.c.obj (.text:log2)
                  000013c4    00000254     A7.obj (.text)
                  00001618    000001b6     rtsv7M4_T_le_v4SPD16_eabi.lib : fd_add_t2.asm.obj (.text)
                  000017ce    00000002     --HOLE-- [fill = 0]
                  000017d0    00000174                                   : k_sin.c.obj (.text:__kernel_sin)
                  00001944    0000016c                                   : k_cos.c.obj (.text:__kernel_cos)
                  00001ab0    00000160     P2.obj (.text)
                  00001c10    00000136     rtsv7M4_T_le_v4SPD16_eabi.lib : fd_div_t2.asm.obj (.text)
                  00001d46    00000002     --HOLE-- [fill = 0]
                  00001d48    00000130     A4.obj (.text)
                  00001e78    00000110     rtsv7M4_T_le_v4SPD16_eabi.lib : s_scalbn.c.obj (.text:scalbn)
                  00001f88    000000fc                                   : fd_mul_t2.asm.obj (.text)
                  00002084    000000f8                                   : s_floor.c.obj (.text:floor)
                  0000217c    0000009c                                   : memcpy_t2.asm.obj (.text)
                  00002218    00000086                                   : fd_cmp_t2.asm.obj (.text:__aeabi_cdcmple)
                  0000229e    00000086                                   : fd_cmp_t2.asm.obj (.text:__aeabi_cdrcmple)
                  00002324    00000080     A5.obj (.text)
                  000023a4    0000007a     rtsv7M4_T_le_v4SPD16_eabi.lib : memset_t2.asm.obj (.text)
                  0000241e    00000068                                   : copy_decompress_lzss.c.obj (.text:decompress:lzss:__TI_decompress_lzss)
                  00002486    00000002     --HOLE-- [fill = 0]
                  00002488    00000060     main.obj (.text)
                  000024e8    00000048     rtsv7M4_T_le_v4SPD16_eabi.lib : fd_toi_t2.asm.obj (.text)
                  00002530    00000044                                   : autoinit.c.obj (.text:__TI_auto_init_nobinit_nopinit:__TI_auto_init_nobinit_nopinit)
                  00002574    00000034                                   : boot_cortex_m.c.obj (.text:_c_int00_noargs:_c_int00_noargs)
                  000025a8    0000002e                                   : i_tofd_t2.asm.obj (.text)
                  000025d6    0000001a                                   : s_copysign.c.obj (.text:copysign)
                  000025f0    0000000e                                   : copy_decompress_none.c.obj (.text:decompress:none:__TI_decompress_none)
                  000025fe    0000000e     startup_msp432p401r_ccs.obj (.text)
                  0000260c    0000000c     rtsv7M4_T_le_v4SPD16_eabi.lib : copy_zero_init.c.obj (.text:decompress:ZI:__TI_zero_init)
                  00002618    00000008                                   : errno.c.obj (.text:__aeabi_errno_addr)
                  00002620    00000004                                   : pre_init.c.obj (.text:_system_pre_init)
                  00002624    00000004                                   : exit.c.obj (.text:abort:abort)

.const     0    00002628    0000018e     
                  00002628    00000158     rtsv7M4_T_le_v4SPD16_eabi.lib : k_rem_pio2.c.obj (.const:$O1$$)
                  00002780    00000030     A4.obj (.const:$P$T0$1)
                  000027b0    00000006     main.obj (.const:$P$T0$1)

.cinit     0    000027b8    00000030     
                  000027b8    0000000c     (.cinit..data.load) [load image, compression = lzss]
                  000027c4    0000000c     (__TI_handler_table)
                  000027d0    00000008     (.cinit..bss.load) [load image, compression = zero_init]
                  000027d8    00000010     (__TI_cinit_table)

.init_array 
*          0    00000000    00000000     UNINITIALIZED

.binit     0    00000000    00000000     

.bss       0    20000000    00000797     UNINITIALIZED
                  20000000    00000794     (.common:volts_list)
                  20000794    00000002     (.common:data)
                  20000796    00000001     (.common:global_toggle)

.data      0    20000798    0000000a     UNINITIALIZED
                  20000798    00000004     rtsv7M4_T_le_v4SPD16_eabi.lib : errno.c.obj (.data)
                  2000079c    00000004     system_msp432p401r.obj (.data)
                  200007a0    00000002     A7.obj (.data)

.stack     0    2000fe00    00000200     UNINITIALIZED
                  2000fe00    00000004     rtsv7M4_T_le_v4SPD16_eabi.lib : boot_cortex_m.c.obj (.stack)
                  2000fe04    000001fc     --HOLE--

__llvm_prf_cnts 
*          0    20000000    00000000     UNINITIALIZED

MODULE SUMMARY

       Module                        code   ro data   rw data
       ------                        ----   -------   -------
    .\
       A7.obj                        596    0         3884   
       system_msp432p401r.obj        820    0         8      
       A4.obj                        304    48        0      
       P2.obj                        352    0         0      
       startup_msp432p401r_ccs.obj   14     228       0      
       A5.obj                        128    0         6      
       main.obj                      96     6         0      
    +--+-----------------------------+------+---------+---------+
       Total:                        2310   282       3898   
                                                             
    C:\ti\ccs1000\ccs\tools\compiler\ti-cgt-arm_20.2.0.LTS\lib\rtsv7M4_T_le_v4SPD16_eabi.lib
       k_rem_pio2.c.obj              1848   344       0      
       s_sin.c.obj                   1476   0         0      
       e_log2.c.obj                  688    0         0      
       fd_add_t2.asm.obj             438    0         0      
       k_sin.c.obj                   372    0         0      
       k_cos.c.obj                   364    0         0      
       fd_div_t2.asm.obj             310    0         0      
       s_scalbn.c.obj                272    0         0      
       fd_cmp_t2.asm.obj             268    0         0      
       fd_mul_t2.asm.obj             252    0         0      
       s_floor.c.obj                 248    0         0      
       memcpy_t2.asm.obj             156    0         0      
       memset_t2.asm.obj             122    0         0      
       copy_decompress_lzss.c.obj    104    0         0      
       fd_toi_t2.asm.obj             72     0         0      
       autoinit.c.obj                68     0         0      
       boot_cortex_m.c.obj           52     0         0      
       i_tofd_t2.asm.obj             46     0         0      
       s_copysign.c.obj              26     0         0      
       errno.c.obj                   8      0         8      
       copy_decompress_none.c.obj    14     0         0      
       copy_zero_init.c.obj          12     0         0      
       exit.c.obj                    4      0         0      
       pre_init.c.obj                4      0         0      
    +--+-----------------------------+------+---------+---------+
       Total:                        7224   344       8      
                                                             
       Stack:                        0      0         1024   
       Linker Generated:             0      48        0      
    +--+-----------------------------+------+---------+---------+
       Grand Total:                  9534   674       4930   


LINKER GENERATED COPY TABLES

__TI_cinit_table @ 000027d8 records: 2, size/record: 8, table size: 16
	.data: load addr=000027b8, load size=0000000c bytes, run addr=20000798, run size=0000000a bytes, compression=lzss
	.bss: load addr=000027d0, load size=00000008 bytes, run addr=20000000, run size=00000797 bytes, compression=zero_init


LINKER GENERATED HANDLER TABLE

__TI_handler_table @ 000027c4 records: 3, size/record: 4, table size: 12
	index: 0, handler: __TI_decompress_lzss
	index: 1, handler: __TI_decompress_none
	index: 2, handler: __TI_zero_init


GLOBAL SYMBOLS: SORTED ALPHABETICALLY BY Name 

address   name                          
-------   ----                          
0000260b  ADC14_IRQHandler              
0000260b  AES256_IRQHandler             
0000260b  BusFault_Handler              
00002625  C$$EXIT                       
0000260b  COMP_E0_IRQHandler            
0000260b  COMP_E1_IRQHandler            
0000260b  CS_IRQHandler                 
00001505  DAC_init                      
0000260b  DMA_ERR_IRQHandler            
0000260b  DMA_INT0_IRQHandler           
0000260b  DMA_INT1_IRQHandler           
0000260b  DMA_INT2_IRQHandler           
0000260b  DMA_INT3_IRQHandler           
0000260b  DebugMon_Handler              
0000260b  Default_Handler               
0000260b  EUSCIA0_IRQHandler            
0000260b  EUSCIA1_IRQHandler            
0000260b  EUSCIA2_IRQHandler            
0000260b  EUSCIA3_IRQHandler            
0000260b  EUSCIB0_IRQHandler            
0000260b  EUSCIB1_IRQHandler            
0000260b  EUSCIB2_IRQHandler            
0000260b  EUSCIB3_IRQHandler            
0000260b  FLCTL_IRQHandler              
0000260b  FPU_IRQHandler                
0000260b  HardFault_Handler             
0000260b  MemManage_Handler             
0000260b  NMI_Handler                   
0000260b  PCM_IRQHandler                
0000260b  PORT1_IRQHandler              
0000260b  PORT2_IRQHandler              
0000260b  PORT3_IRQHandler              
0000260b  PORT4_IRQHandler              
0000260b  PORT5_IRQHandler              
0000260b  PORT6_IRQHandler              
0000260b  PSS_IRQHandler                
0000260b  PendSV_Handler                
0000260b  RTC_C_IRQHandler              
000025ff  Reset_Handler                 
0000260b  SVC_Handler                   
0000260b  SysTick_Handler               
2000079c  SystemCoreClock               
00000de1  SystemCoreClockUpdate         
00001059  SystemInit                    
0000260b  T32_INT1_IRQHandler           
0000260b  T32_INT2_IRQHandler           
0000260b  T32_INTC_IRQHandler           
0000235f  TA0_0_IRQHandler              
0000235f  TA0_0_IRQHandler              
00002375  TA0_N_IRQHandler              
00002375  TA0_N_IRQHandler              
0000260b  TA1_0_IRQHandler              
0000260b  TA1_N_IRQHandler              
0000260b  TA2_0_IRQHandler              
0000260b  TA2_N_IRQHandler              
0000260b  TA3_0_IRQHandler              
0000260b  TA3_N_IRQHandler              
0000260b  UsageFault_Handler            
4000480c  WDTCTL_SYM                    
0000260b  WDT_A_IRQHandler              
20010000  __STACK_END                   
00000200  __STACK_SIZE                  
000027d8  __TI_CINIT_Base               
000027e8  __TI_CINIT_Limit              
000027c4  __TI_Handler_Table_Base       
000027d0  __TI_Handler_Table_Limit      
00002531  __TI_auto_init_nobinit_nopinit
0000241f  __TI_decompress_lzss          
000025f1  __TI_decompress_none          
ffffffff  __TI_pprof_out_hndl           
ffffffff  __TI_prof_data_size           
ffffffff  __TI_prof_data_start          
00000000  __TI_static_base__            
0000260d  __TI_zero_init                
00002219  __aeabi_cdcmpeq               
00002219  __aeabi_cdcmple               
0000229f  __aeabi_cdrcmple              
000024e9  __aeabi_d2iz                  
00001623  __aeabi_dadd                  
00001c11  __aeabi_ddiv                  
00001f89  __aeabi_dmul                  
00001619  __aeabi_dsub                  
00002619  __aeabi_errno_addr            
000025a9  __aeabi_i2d                   
000023a5  __aeabi_memclr                
000023a5  __aeabi_memclr4               
000023a5  __aeabi_memclr8               
0000217d  __aeabi_memcpy                
0000217d  __aeabi_memcpy4               
0000217d  __aeabi_memcpy8               
000023a7  __aeabi_memset                
000023a7  __aeabi_memset4               
000023a7  __aeabi_memset8               
ffffffff  __binit__                     
ffffffff  __c_args__                    
00001945  __kernel_cos                  
000000e5  __kernel_rem_pio2             
000017d1  __kernel_sin                  
UNDEFED   __mpu_init                    
2000fe00  __stack                       
20000000  __start___llvm_prf_cnts       
20000000  __stop___llvm_prf_cnts        
00002575  _c_int00_noargs               
UNDEFED   _system_post_cinit            
00002621  _system_pre_init              
00002625  abort                         
ffffffff  binit                         
000025d7  copysign                      
000025d7  copysignl                     
20000794  data                          
20000798  errno                         
00002085  floor                         
00002085  floorl                        
00001d69  getKeyVal                     
00001e31  get_keypress                  
20000796  global_toggle                 
00000000  interruptVectors              
00001d49  keypad_init                   
00001e79  ldexp                         
00001e79  ldexpl                        
00001115  log2                          
00001115  log2l                         
00002489  main                          
00001ba9  make_waveform                 
0000217d  memcpy                        
000023ad  memset                        
000013c5  sawtooth                      
00001e79  scalbn                        
00001e79  scalbnl                       
00001559  sendto_DAC                    
0000081d  sin                           
00001439  sine                          
00001483  sine_list_maker               
0000081d  sinl                          
000014eb  square                        
00002325  timer_A_init                  
000013eb  triangle                      
20000000  volts_list                    
00001ab1  waveform_vars                 


GLOBAL SYMBOLS: SORTED BY Symbol Address 

address   name                          
-------   ----                          
00000000  __TI_static_base__            
00000000  interruptVectors              
000000e5  __kernel_rem_pio2             
00000200  __STACK_SIZE                  
0000081d  sin                           
0000081d  sinl                          
00000de1  SystemCoreClockUpdate         
00001059  SystemInit                    
00001115  log2                          
00001115  log2l                         
000013c5  sawtooth                      
000013eb  triangle                      
00001439  sine                          
00001483  sine_list_maker               
000014eb  square                        
00001505  DAC_init                      
00001559  sendto_DAC                    
00001619  __aeabi_dsub                  
00001623  __aeabi_dadd                  
000017d1  __kernel_sin                  
00001945  __kernel_cos                  
00001ab1  waveform_vars                 
00001ba9  make_waveform                 
00001c11  __aeabi_ddiv                  
00001d49  keypad_init                   
00001d69  getKeyVal                     
00001e31  get_keypress                  
00001e79  ldexp                         
00001e79  ldexpl                        
00001e79  scalbn                        
00001e79  scalbnl                       
00001f89  __aeabi_dmul                  
00002085  floor                         
00002085  floorl                        
0000217d  __aeabi_memcpy                
0000217d  __aeabi_memcpy4               
0000217d  __aeabi_memcpy8               
0000217d  memcpy                        
00002219  __aeabi_cdcmpeq               
00002219  __aeabi_cdcmple               
0000229f  __aeabi_cdrcmple              
00002325  timer_A_init                  
0000235f  TA0_0_IRQHandler              
0000235f  TA0_0_IRQHandler              
00002375  TA0_N_IRQHandler              
00002375  TA0_N_IRQHandler              
000023a5  __aeabi_memclr                
000023a5  __aeabi_memclr4               
000023a5  __aeabi_memclr8               
000023a7  __aeabi_memset                
000023a7  __aeabi_memset4               
000023a7  __aeabi_memset8               
000023ad  memset                        
0000241f  __TI_decompress_lzss          
00002489  main                          
000024e9  __aeabi_d2iz                  
00002531  __TI_auto_init_nobinit_nopinit
00002575  _c_int00_noargs               
000025a9  __aeabi_i2d                   
000025d7  copysign                      
000025d7  copysignl                     
000025f1  __TI_decompress_none          
000025ff  Reset_Handler                 
0000260b  ADC14_IRQHandler              
0000260b  AES256_IRQHandler             
0000260b  BusFault_Handler              
0000260b  COMP_E0_IRQHandler            
0000260b  COMP_E1_IRQHandler            
0000260b  CS_IRQHandler                 
0000260b  DMA_ERR_IRQHandler            
0000260b  DMA_INT0_IRQHandler           
0000260b  DMA_INT1_IRQHandler           
0000260b  DMA_INT2_IRQHandler           
0000260b  DMA_INT3_IRQHandler           
0000260b  DebugMon_Handler              
0000260b  Default_Handler               
0000260b  EUSCIA0_IRQHandler            
0000260b  EUSCIA1_IRQHandler            
0000260b  EUSCIA2_IRQHandler            
0000260b  EUSCIA3_IRQHandler            
0000260b  EUSCIB0_IRQHandler            
0000260b  EUSCIB1_IRQHandler            
0000260b  EUSCIB2_IRQHandler            
0000260b  EUSCIB3_IRQHandler            
0000260b  FLCTL_IRQHandler              
0000260b  FPU_IRQHandler                
0000260b  HardFault_Handler             
0000260b  MemManage_Handler             
0000260b  NMI_Handler                   
0000260b  PCM_IRQHandler                
0000260b  PORT1_IRQHandler              
0000260b  PORT2_IRQHandler              
0000260b  PORT3_IRQHandler              
0000260b  PORT4_IRQHandler              
0000260b  PORT5_IRQHandler              
0000260b  PORT6_IRQHandler              
0000260b  PSS_IRQHandler                
0000260b  PendSV_Handler                
0000260b  RTC_C_IRQHandler              
0000260b  SVC_Handler                   
0000260b  SysTick_Handler               
0000260b  T32_INT1_IRQHandler           
0000260b  T32_INT2_IRQHandler           
0000260b  T32_INTC_IRQHandler           
0000260b  TA1_0_IRQHandler              
0000260b  TA1_N_IRQHandler              
0000260b  TA2_0_IRQHandler              
0000260b  TA2_N_IRQHandler              
0000260b  TA3_0_IRQHandler              
0000260b  TA3_N_IRQHandler              
0000260b  UsageFault_Handler            
0000260b  WDT_A_IRQHandler              
0000260d  __TI_zero_init                
00002619  __aeabi_errno_addr            
00002621  _system_pre_init              
00002625  C$$EXIT                       
00002625  abort                         
000027c4  __TI_Handler_Table_Base       
000027d0  __TI_Handler_Table_Limit      
000027d8  __TI_CINIT_Base               
000027e8  __TI_CINIT_Limit              
20000000  __start___llvm_prf_cnts       
20000000  __stop___llvm_prf_cnts        
20000000  volts_list                    
20000794  data                          
20000796  global_toggle                 
20000798  errno                         
2000079c  SystemCoreClock               
2000fe00  __stack                       
20010000  __STACK_END                   
4000480c  WDTCTL_SYM                    
ffffffff  __TI_pprof_out_hndl           
ffffffff  __TI_prof_data_size           
ffffffff  __TI_prof_data_start          
ffffffff  __binit__                     
ffffffff  __c_args__                    
ffffffff  binit                         
UNDEFED   __mpu_init                    
UNDEFED   _system_post_cinit            

[139 symbols]
